../Src/main.c:31:6:led_init	8	static
../Src/main.c:42:5:main	8	static
../Src/main.c:59:6:schedule	16	static
../Src/main.c:64:6:task_delay	16	static
../Src/main.c:74:6:task_stack_init	4	static
../Src/main.c:101:10:get_msp	4	static
../Src/main.c:106:28:scheduler_stack_init	0	static,ignoring_inline_asm
../Src/main.c:114:10:get_psp	4	static
../Src/main.c:119:28:sp_to_psp	0	static,ignoring_inline_asm
../Src/main.c:135:6:dummy_stack_init	16	static
../Src/main.c:157:6:systick_init	16	static
../Src/main.c:171:6:set_psp	16	static
../Src/main.c:175:6:updateTask	16	static
../Src/main.c:191:29:PendSV_Handler	0	static,ignoring_inline_asm
../Src/main.c:205:6:unblockTask	16	static
../Src/main.c:219:6:updateGlobalCount	4	static
../Src/main.c:224:6:SysTick_Handler	8	static
../Src/main.c:231:6:HardFault_Handler	8	static
../Src/main.c:235:6:MemManage_Handler	8	static
../Src/main.c:239:6:BusFault_Handler	8	static
../Src/main.c:243:6:UsageFault_Handler	8	static
