../Src/main.c:41:5:main	16	static
../Src/main.c:78:6:task1	8	static
../Src/main.c:85:6:task2	8	static
../Src/main.c:92:6:task3	8	static
../Src/main.c:99:6:task4	8	static
../Src/main.c:107:6:systick_init	24	static
../Src/main.c:121:29:scheduler_stack_init	0	static,ignoring_inline_asm
../Src/main.c:127:29:switch_sp_to_psp	0	static,ignoring_inline_asm
../Src/main.c:144:6:task_stack_init	16	static
../Src/main.c:170:6:enableSysytemFaultException	16	static
../Src/main.c:177:6:MemManage_Handler	8	static
../Src/main.c:182:6:BusFault_Handler	8	static
../Src/main.c:186:6:HardFault_Handler	8	static
../Src/main.c:190:6:UsageFault_Handler	8	static
../Src/main.c:195:10:getPSP	4	static
../Src/main.c:200:6:store_psp_value	16	static
../Src/main.c:205:6:update_next_task	4	static
../Src/main.c:210:29:SysTick_Handler	0	static,ignoring_inline_asm
